
> officina-manager@0.1.0 build
> prisma generate && next build

warn The configuration property `package.json#prisma` is deprecated and will be removed in Prisma 7. Please migrate to a Prisma config file (e.g., `prisma.config.ts`).
For more information, see: https://pris.ly/prisma-config

Environment variables loaded from .env
Prisma schema loaded from prisma\schema.prisma

Γ£ö Generated Prisma Client (v6.19.1) to .\node_modules\@prisma\client in 328ms

Start by importing your Prisma Client (See: https://pris.ly/d/importing-client)

Tip: Want to turn off tips and other hints? https://pris.ly/tip-4-nohints

ΓÜá Warning: Next.js inferred your workspace root, but it may not be correct.
 We detected multiple lockfiles and selected the directory of C:\Users\loren\package-lock.json as the root directory.
 To silence this warning, set `turbopack.root` in your Next.js config, or consider removing one of the lockfiles if it's not needed.
   See https://nextjs.org/docs/app/api-reference/config/next-config-js/turbopack#root-directory for more information.
 Detected additional lockfiles: 
   * C:\Users\loren\Desktop\dev-projects\officina-manager-main\package-lock.json

Γû▓ Next.js 16.1.1 (Turbopack)
- Environments: .env.local, .env
- Experiments (use with caution):
  ┬╖ serverActions

ΓÜá The "middleware" file convention is deprecated. Please use "proxy" instead. Learn more: https://nextjs.org/docs/messages/middleware-to-proxy
  Creating an optimized production build ...
Γ£ô Compiled successfully in 11.6s
  Running TypeScript ...
  Collecting page data using 7 workers ...
Error: Failed to collect configuration for /admin/users
    at ignore-listed frames {
  [cause]: Error: A "use server" file can only export async functions, found object.
  Read more: https://nextjs.org/docs/messages/invalid-use-server-value
      at d (C:\Users\loren\Desktop\dev-projects\officina-manager-main\.next\server\chunks\ssr\20c1a_99f62e65._.js:48:171464)
      at module evaluation (C:\Users\loren\Desktop\dev-projects\officina-manager-main\.next\server\chunks\ssr\[root-of-the-server]__5ad683cc._.js:1:4072)
      at instantiateModule (C:\Users\loren\Desktop\dev-projects\officina-manager-main\.next\server\chunks\ssr\[turbopack]_runtime.js:740:9)
      at getOrInstantiateModuleFromParent (C:\Users\loren\Desktop\dev-projects\officina-manager-main\.next\server\chunks\ssr\[turbopack]_runtime.js:763:12)
      at Context.esmImport [as i] (C:\Users\loren\Desktop\dev-projects\officina-manager-main\.next\server\chunks\ssr\[turbopack]_runtime.js:228:20)
      at module evaluation (C:\Users\loren\Desktop\dev-projects\officina-manager-main\.next\server\chunks\ssr\[root-of-the-server]__4153a36c._.js:1:5230)
      at instantiateModule (C:\Users\loren\Desktop\dev-projects\officina-manager-main\.next\server\chunks\ssr\[turbopack]_runtime.js:740:9)
      at getOrInstantiateModuleFromParent (C:\Users\loren\Desktop\dev-projects\officina-manager-main\.next\server\chunks\ssr\[turbopack]_runtime.js:763:12)
      at Context.esmImport [as i] (C:\Users\loren\Desktop\dev-projects\officina-manager-main\.next\server\chunks\ssr\[turbopack]_runtime.js:228:20)
      at module evaluation (C:\Users\loren\Desktop\dev-projects\officina-manager-main\.next\server\chunks\ssr\Desktop_dev-projects_officina-manager-main_686a329e._.js:1:32)
}

> Build error occurred
Error: Failed to collect page data for /admin/users
    at ignore-listed frames {
  type: 'Error'
}
